exports[`Navbar snapshot It should render the navbar and take a snapshot 1`] = `
<nav
  className="nav has-shadow">
  <div
    className="container">
    <div
      className="nav-left">
      <a
        className="nav-item">
        <h3
          className="title">
          CHIRP
        </h3>
      </a>
      <a
        className="nav-item is-tab is-hidden-mobile is-active"
        href="/"
        onClick={[Function]}>
        Home
      </a>
      <a
        className="nav-item is-tab is-hidden-mobile"
        href="/posts"
        onClick={[Function]}>
        Posts
      </a>
    </div>
    <span
      className="nav-toggle">
      <span />
      <span />
      <span />
    </span>
  </div>
</nav>
`;
